c:\c++_data\consoleapplication2\consoleapplication2\x64\debug\vc145.pdb
c:\c++_data\consoleapplication2\consoleapplication2\x64\debug\vc145.idb
c:\c++_data\consoleapplication2\consoleapplication2\x64\debug\source.obj
c:\c++_data\consoleapplication2\consoleapplication2\x64\debug\consoleapplication2.obj
c:\c++_data\consoleapplication2\consoleapplication2\x64\debug\consoleapplication2.ilk
c:\c++_data\consoleapplication2\x64\debug\consoleapplication2.pdb
c:\c++_data\consoleapplication2\consoleapplication2\x64\debug\consolea.0a800ba1.tlog\cl.command.1.tlog
c:\c++_data\consoleapplication2\consoleapplication2\x64\debug\consolea.0a800ba1.tlog\cl.items.tlog
c:\c++_data\consoleapplication2\consoleapplication2\x64\debug\consolea.0a800ba1.tlog\cl.read.1.tlog
c:\c++_data\consoleapplication2\consoleapplication2\x64\debug\consolea.0a800ba1.tlog\cl.write.1.tlog
c:\c++_data\consoleapplication2\consoleapplication2\x64\debug\consolea.0a800ba1.tlog\link-cvtres.read.1.tlog
c:\c++_data\consoleapplication2\consoleapplication2\x64\debug\consolea.0a800ba1.tlog\link-cvtres.write.1.tlog
c:\c++_data\consoleapplication2\consoleapplication2\x64\debug\consolea.0a800ba1.tlog\link-rc.read.1.tlog
c:\c++_data\consoleapplication2\consoleapplication2\x64\debug\consolea.0a800ba1.tlog\link-rc.write.1.tlog
c:\c++_data\consoleapplication2\consoleapplication2\x64\debug\consolea.0a800ba1.tlog\link.26940-cvtres.read.1.tlog
c:\c++_data\consoleapplication2\consoleapplication2\x64\debug\consolea.0a800ba1.tlog\link.26940-cvtres.write.1.tlog
c:\c++_data\consoleapplication2\consoleapplication2\x64\debug\consolea.0a800ba1.tlog\link.26940-rc.read.1.tlog
c:\c++_data\consoleapplication2\consoleapplication2\x64\debug\consolea.0a800ba1.tlog\link.26940-rc.write.1.tlog
c:\c++_data\consoleapplication2\consoleapplication2\x64\debug\consolea.0a800ba1.tlog\link.26940.read.1.tlog
c:\c++_data\consoleapplication2\consoleapplication2\x64\debug\consolea.0a800ba1.tlog\link.26940.read.2.tlog
c:\c++_data\consoleapplication2\consoleapplication2\x64\debug\consolea.0a800ba1.tlog\link.26940.write.1.tlog
c:\c++_data\consoleapplication2\consoleapplication2\x64\debug\consolea.0a800ba1.tlog\link.command.1.tlog
c:\c++_data\consoleapplication2\consoleapplication2\x64\debug\consolea.0a800ba1.tlog\link.read.1.tlog
c:\c++_data\consoleapplication2\consoleapplication2\x64\debug\consolea.0a800ba1.tlog\link.read.2.tlog
c:\c++_data\consoleapplication2\consoleapplication2\x64\debug\consolea.0a800ba1.tlog\link.secondary.1.tlog
c:\c++_data\consoleapplication2\consoleapplication2\x64\debug\consolea.0a800ba1.tlog\link.write.1.tlog
